---
source: tui/src/history_cell/tests.rs
expression: rendered
---
╭────────────────────────────────────────────────────────────────────────────────────────────────────────────╮
│ ✨ Update available! 0.146.0 -> 9.9.9                                                                      │
│ Run sh -c 'curl -fsSL https://github.com/jmilesj/kodex/releases/latest/download/install.sh | sh' to        │
│ update.                                                                                                    │
│                                                                                                            │
│ See full release notes:                                                                                    │
│ https://github.com/jmilesj/kodex/releases/latest                                                           │
╰────────────────────────────────────────────────────────────────────────────────────────────────────────────╯
